C:\Github\herbert\Firmware\fpga\implementation\system.ngc 1423499481
C:/Github/herbert/Firmware/fpga/implementation/microblaze_0_wrapper.ngc 1423499055
C:/Github/herbert/Firmware/fpga/implementation/mb_plb_wrapper.ngc 1423499070
C:/Github/herbert/Firmware/fpga/implementation/ilmb_wrapper.ngc 1423499073
C:/Github/herbert/Firmware/fpga/implementation/dlmb_wrapper.ngc 1423499076
C:/Github/herbert/Firmware/fpga/implementation/dlmb_cntlr_wrapper.ngc 1423499080
C:/Github/herbert/Firmware/fpga/implementation/ilmb_cntlr_wrapper.ngc 1423499083
C:/Github/herbert/Firmware/fpga/implementation/lmb_bram_wrapper.ngc 1423499092
C:/Github/herbert/Firmware/fpga/implementation/ddr2_sdram_wrapper.ngc 1423499403
C:/Github/herbert/Firmware/fpga/implementation/clock_generator_0_wrapper.ngc 1423499203
C:/Github/herbert/Firmware/fpga/implementation/debug_module_wrapper.ngc 1423499208
C:/Github/herbert/Firmware/fpga/implementation/proc_sys_reset_0_wrapper.ngc 1423499212
C:/Github/herbert/Firmware/fpga/implementation/debug_uart_wrapper.ngc 1423499404
C:/Github/herbert/Firmware/fpga/implementation/sbc_uart_wrapper.ngc 1423499405
C:/Github/herbert/Firmware/fpga/implementation/intc_wrapper.ngc 1423499405
C:/Github/herbert/Firmware/fpga/implementation/pwm_wrapper.ngc 1423499285
C:/Github/herbert/Firmware/fpga/implementation/sensor_a_spi_wrapper.ngc 1423499298
C:/Github/herbert/Firmware/fpga/implementation/motor_wrapper.ngc 1423499306
C:/Github/herbert/Firmware/fpga/implementation/motor2_wrapper.ngc 1423499313
C:/Github/herbert/Firmware/fpga/implementation/led_spi_wrapper.ngc 1423499326
C:/Github/herbert/Firmware/fpga/implementation/lcd_wrapper.ngc 1423499331
C:/Github/herbert/Firmware/fpga/implementation/timer_wrapper.ngc 1423499341
C:/Github/herbert/Firmware/fpga/implementation/config_flash_spi_wrapper.ngc 1423499354
C:/Github/herbert/Firmware/fpga/implementation/user_flash_spi_wrapper.ngc 1423499366
C:/Github/herbert/Firmware/fpga/implementation/spi_control_wrapper.ngc 1423499373
C:/Github/herbert/Firmware/fpga/implementation/system_wrapper.ngc 1423499382
C:/Github/herbert/Firmware/fpga/implementation/relay_wrapper.ngc 1423499388
C:/Github/herbert/Firmware/fpga/implementation/switch_control_wrapper.ngc 1423499401
OK
