C:\Git\herbert\Firmware\fpga\implementation\system.ngc 1423266921
C:/Git/herbert/Firmware/fpga/implementation/microblaze_0_wrapper.ngc 1423266810
C:/Git/herbert/Firmware/fpga/implementation/mb_plb_wrapper.ngc 1423266810
C:/Git/herbert/Firmware/fpga/implementation/ilmb_wrapper.ngc 1423266810
C:/Git/herbert/Firmware/fpga/implementation/dlmb_wrapper.ngc 1423266810
C:/Git/herbert/Firmware/fpga/implementation/dlmb_cntlr_wrapper.ngc 1423266810
C:/Git/herbert/Firmware/fpga/implementation/ilmb_cntlr_wrapper.ngc 1423266810
C:/Git/herbert/Firmware/fpga/implementation/lmb_bram_wrapper.ngc 1423266810
C:/Git/herbert/Firmware/fpga/implementation/ddr2_sdram_wrapper.ngc 1423266810
C:/Git/herbert/Firmware/fpga/implementation/clock_generator_0_wrapper.ngc 1423266816
C:/Git/herbert/Firmware/fpga/implementation/debug_module_wrapper.ngc 1423266810
C:/Git/herbert/Firmware/fpga/implementation/proc_sys_reset_0_wrapper.ngc 1423266810
C:/Git/herbert/Firmware/fpga/implementation/debug_uart_wrapper.ngc 1423266810
C:/Git/herbert/Firmware/fpga/implementation/sbc_uart_wrapper.ngc 1423266810
C:/Git/herbert/Firmware/fpga/implementation/intc_wrapper.ngc 1423266810
C:/Git/herbert/Firmware/fpga/implementation/pwm_wrapper.ngc 1423266810
C:/Git/herbert/Firmware/fpga/implementation/sensor_a_spi_wrapper.ngc 1423266810
C:/Git/herbert/Firmware/fpga/implementation/motor_wrapper.ngc 1423266822
C:/Git/herbert/Firmware/fpga/implementation/motor2_wrapper.ngc 1423266828
C:/Git/herbert/Firmware/fpga/implementation/led_spi_wrapper.ngc 1423266810
C:/Git/herbert/Firmware/fpga/implementation/lcd_wrapper.ngc 1423266832
C:/Git/herbert/Firmware/fpga/implementation/timer_wrapper.ngc 1423266810
C:/Git/herbert/Firmware/fpga/implementation/config_flash_spi_wrapper.ngc 1423266810
C:/Git/herbert/Firmware/fpga/implementation/user_flash_spi_wrapper.ngc 1423266810
C:/Git/herbert/Firmware/fpga/implementation/spi_control_wrapper.ngc 1423266837
C:/Git/herbert/Firmware/fpga/implementation/system_wrapper.ngc 1423266845
C:/Git/herbert/Firmware/fpga/implementation/relay_wrapper.ngc 1423266850
C:/Git/herbert/Firmware/fpga/implementation/switch_control_wrapper.ngc 1423266859
OK
